  Determining projects to restore...
  All projects are up-to-date for restore.
  HumTrack.Biomechanics -> C:\Users\rams2\code projects\HumTrack\src\HumTrack.Biomechanics\bin\Debug\net8.0\HumTrack.Biomechanics.dll
C:\Users\rams2\code projects\HumTrack\src\HumTrack.Core\Calibration\CameraIntrinsics.cs(41,18): error CS7036: There is no argument given that corresponds to the required parameter 'map2' of 'CvInvoke.InitUndistortRectifyMap(IInputArray, IInputArray, IInputArray, IInputArray, Size, DepthType, int, IOutputArray, IOutputArray)' [C:\Users\rams2\code projects\HumTrack\src\HumTrack.Core\HumTrack.Core.csproj]
C:\Users\rams2\code projects\HumTrack\src\HumTrack.Core\Calibration\CalibrationEngine.cs(113,13): error CS1503: Argument 6: cannot convert from 'Emgu.CV.Util.VectorOfMat' to 'Emgu.CV.CvEnum.CalibType' [C:\Users\rams2\code projects\HumTrack\src\HumTrack.Core\HumTrack.Core.csproj]
C:\Users\rams2\code projects\HumTrack\src\HumTrack.Core\Calibration\CalibrationEngine.cs(114,13): error CS1503: Argument 7: cannot convert from 'Emgu.CV.Util.VectorOfMat' to 'Emgu.CV.Structure.MCvTermCriteria' [C:\Users\rams2\code projects\HumTrack\src\HumTrack.Core\HumTrack.Core.csproj]
C:\Users\rams2\code projects\HumTrack\src\HumTrack.Core\Calibration\CalibrationEngine.cs(115,13): error CS1620: Argument 8 must be passed with the 'out' keyword [C:\Users\rams2\code projects\HumTrack\src\HumTrack.Core\HumTrack.Core.csproj]
C:\Users\rams2\code projects\HumTrack\src\HumTrack.Core\Calibration\CalibrationEngine.cs(116,13): error CS1620: Argument 9 must be passed with the 'out' keyword [C:\Users\rams2\code projects\HumTrack\src\HumTrack.Core\HumTrack.Core.csproj]

Build FAILED.

C:\Users\rams2\code projects\HumTrack\src\HumTrack.Core\Calibration\CameraIntrinsics.cs(41,18): error CS7036: There is no argument given that corresponds to the required parameter 'map2' of 'CvInvoke.InitUndistortRectifyMap(IInputArray, IInputArray, IInputArray, IInputArray, Size, DepthType, int, IOutputArray, IOutputArray)' [C:\Users\rams2\code projects\HumTrack\src\HumTrack.Core\HumTrack.Core.csproj]
C:\Users\rams2\code projects\HumTrack\src\HumTrack.Core\Calibration\CalibrationEngine.cs(113,13): error CS1503: Argument 6: cannot convert from 'Emgu.CV.Util.VectorOfMat' to 'Emgu.CV.CvEnum.CalibType' [C:\Users\rams2\code projects\HumTrack\src\HumTrack.Core\HumTrack.Core.csproj]
C:\Users\rams2\code projects\HumTrack\src\HumTrack.Core\Calibration\CalibrationEngine.cs(114,13): error CS1503: Argument 7: cannot convert from 'Emgu.CV.Util.VectorOfMat' to 'Emgu.CV.Structure.MCvTermCriteria' [C:\Users\rams2\code projects\HumTrack\src\HumTrack.Core\HumTrack.Core.csproj]
C:\Users\rams2\code projects\HumTrack\src\HumTrack.Core\Calibration\CalibrationEngine.cs(115,13): error CS1620: Argument 8 must be passed with the 'out' keyword [C:\Users\rams2\code projects\HumTrack\src\HumTrack.Core\HumTrack.Core.csproj]
C:\Users\rams2\code projects\HumTrack\src\HumTrack.Core\Calibration\CalibrationEngine.cs(116,13): error CS1620: Argument 9 must be passed with the 'out' keyword [C:\Users\rams2\code projects\HumTrack\src\HumTrack.Core\HumTrack.Core.csproj]
    0 Warning(s)
    5 Error(s)

Time Elapsed 00:00:01.52
